// Jest Snapshot v1, https://goo.gl/fbAQLP

exports[`TEST App get 1`] = `
<input
  placeholder="input value"
  type="text"
  value=""
/>
`;
